References tests/src/Cross.res 0:17
[
{"uri": "References.res", "range": {"start": {"line": 0, "character": 0}, "end": {"line": 0, "character": 0}}}
]

