Hover tests/src/Hover.res 0:4
{"contents": "```rescript\nint\n```"}

Hover tests/src/Hover.res 3:5
{"contents": "```rescript\ntype t = (int, float)\n```"}

Hover tests/src/Hover.res 6:7
{"contents": "```rescript\nmodule Id = {\n  type x = int\n}\n```"}

Hover tests/src/Hover.res 19:11
{"contents": "\nThis module is commented\n```rescript\nmodule Dep = {\n  let customDouble: int => int\n}\n```"}

Hover tests/src/Hover.res 22:11
{"contents": "```rescript\nint => int\n```\n\nSome doc comment"}

Hover tests/src/Hover.res 26:6
{"contents": "```rescript\nint\n```"}

Hover tests/src/Hover.res 33:4
{"contents": "```rescript\nunit => int\n```\n\nDoc comment for functionWithTypeAnnotation"}

Hover tests/src/Hover.res 37:13
{"contents": "```rescript\nstring\n```"}

Hover tests/src/Hover.res 41:13
{"contents": "```rescript\nstring\n```"}

Hover tests/src/Hover.res 44:10
{"contents": "```rescript\nint\n```"}

Hover tests/src/Hover.res 51:7
{"contents": "Unable to resolve module reference Logger"}

Definition tests/src/Hover.res 57:14
{"uri": "Hover.res", "range": {"start": {"line": 51, "character": 7}, "end": {"line": 51, "character": 15}}}

Hover tests/src/Hover.res 61:9
{"contents": "```rescript\nmodule IdDefindeTwice = {\n  let x: int\n  let y: int\n  let x: int\n}\n```"}

