Hover tests/src/Jsx.resi 1:4
{"contents": "```rescript\n(~first: string, ~?key: string, unit) => {\"first\": string}\n```"}

Hover tests/src/Jsx.resi 4:4
{"contents": "```rescript\nint\n```"}

