Definition tests/src/Jsx.res 5:9
{"uri": "Jsx.res", "range": {"start": {"line": 2, "character": 6}, "end": {"line": 2, "character": 10}}}

Complete tests/src/Jsx.res 7:2
[{
    "label": "key",
    "kind": 4,
    "tags": [],
    "detail": "string",
    "documentation": null
  }, {
    "label": "first",
    "kind": 4,
    "tags": [],
    "detail": "string",
    "documentation": null
  }, {
    "label": "fun",
    "kind": 4,
    "tags": [],
    "detail": "option<string>",
    "documentation": null
  }]

Complete tests/src/Jsx.res 9:2
[{
    "label": "key",
    "kind": 4,
    "tags": [],
    "detail": "string",
    "documentation": null
  }, {
    "label": "first",
    "kind": 4,
    "tags": [],
    "detail": "string",
    "documentation": null
  }, {
    "label": "fun",
    "kind": 4,
    "tags": [],
    "detail": "option<string>",
    "documentation": null
  }]

Complete tests/src/Jsx.res 11:2
[{
    "label": "key",
    "kind": 4,
    "tags": [],
    "detail": "string",
    "documentation": null
  }, {
    "label": "second",
    "kind": 4,
    "tags": [],
    "detail": "option<string>",
    "documentation": null
  }, {
    "label": "first",
    "kind": 4,
    "tags": [],
    "detail": "string",
    "documentation": null
  }, {
    "label": "fun",
    "kind": 4,
    "tags": [],
    "detail": "option<string>",
    "documentation": null
  }]

