Definition tests/src/Patterns.res 16:10
{"uri": "Patterns.res", "range": {"start": {"line": 3, "character": 7}, "end": {"line": 3, "character": 10}}}

Definition tests/src/Patterns.res 21:11
{"uri": "Patterns.res", "range": {"start": {"line": 9, "character": 7}, "end": {"line": 9, "character": 11}}}

Definition tests/src/Patterns.res 24:10
{"uri": "Patterns.res", "range": {"start": {"line": 11, "character": 7}, "end": {"line": 11, "character": 8}}}

Definition tests/src/Patterns.res 27:10
{"uri": "Patterns.res", "range": {"start": {"line": 13, "character": 7}, "end": {"line": 13, "character": 9}}}

