References tests/src/References.res 0:4
[
{"uri": "Cross.res", "range": {"start": {"line": 8, "character": 27}, "end": {"line": 8, "character": 28}}},
{"uri": "Cross.res", "range": {"start": {"line": 3, "character": 27}, "end": {"line": 3, "character": 28}}},
{"uri": "Cross.res", "range": {"start": {"line": 0, "character": 26}, "end": {"line": 0, "character": 27}}},
{"uri": "References.res", "range": {"start": {"line": 7, "character": 8}, "end": {"line": 7, "character": 9}}},
{"uri": "References.res", "range": {"start": {"line": 3, "character": 8}, "end": {"line": 3, "character": 9}}},
{"uri": "References.res", "range": {"start": {"line": 0, "character": 4}, "end": {"line": 0, "character": 5}}}
]

